\BOOKMARK [1][-]{section.1}{\376\377\000M\000u\000l\000t\000i\000p\000l\000e\000\040\000r\000e\000g\000r\000e\000s\000s\000i\000o\000n}{}% 1
\BOOKMARK [2][-]{subsection.1.1}{\376\377\000W\000h\000e\000n\000\040\000t\000o\000\040\000u\000s\000e\000\040\000i\000t\000?}{section.1}% 2
\BOOKMARK [2][-]{subsection.1.2}{\376\377\000V\000a\000r\000i\000a\000b\000l\000e\000s}{section.1}% 3
